// Jest Snapshot v1, https://goo.gl/fbAQLP

exports[`<Button /> rendering should render one <Button> 1`] = `ShallowWrapper {}`;
